// Jest Snapshot v1, https://goo.gl/fbAQLP

exports[`Loot Loot renders correctly 1`] = `ShallowWrapper {}`;
