// Jest Snapshot v1, https://goo.gl/fbAQLP

exports[`Wallet Wallet renders correctly 1`] = `ShallowWrapper {}`;
